// Jest Snapshot v1, https://goo.gl/fbAQLP

exports[`TheButton.vue Renders correctly 1`] = `
<button
  class="button"
  type="button"
/>
`;
