// Jest Snapshot v1, https://goo.gl/fbAQLP

exports[`TheFooter.vue Renders correctly 1`] = `
<footer
  class="footer"
>
  <div
    class="container"
  >
    <the-logo-stub />
  </div>
</footer>
`;
