// Jest Snapshot v1, https://goo.gl/fbAQLP

exports[`ThePlaceholder.vue Renders correctly 1`] = `
<div
  class="placeholder"
>
  <h2>
    default placeholder
  </h2>
</div>
`;
